=== RUN   TestPassportService_GetPassport
--- PASS: TestPassportService_GetPassport (0.00s)
=== RUN   TestPassportService_EvaluateBadges
--- PASS: TestPassportService_EvaluateBadges (0.00s)
=== RUN   TestPassportService_QR
--- PASS: TestPassportService_QR (0.00s)
=== RUN   TestPassportService_BuildPKPass
--- PASS: TestPassportService_BuildPKPass (0.00s)
=== RUN   TestPassportService_GhostNudgeCandidates
    passport_service_test.go:226: GetGhostNudgeCandidates failed: near "'1 hour'": syntax error
--- FAIL: TestPassportService_GhostNudgeCandidates (0.00s)
=== RUN   TestPassportService_LogPassportEvent
    passport_service_test.go:245: LogPassportEvent failed: no such function: NOW
--- FAIL: TestPassportService_LogPassportEvent (0.00s)
FAIL
FAIL	loyalty-nexus/internal/application/services	0.014s
FAIL
DONE
